// Jest Snapshot v1, https://goo.gl/fbAQLP

exports[`Controller can animate a number 1`] = `
Array [
  Object {
    "x": 2.263484330785799,
  },
  Object {
    "x": 7.615528894993947,
  },
  Object {
    "x": 14.72729545687759,
  },
  Object {
    "x": 22.67933293781441,
  },
  Object {
    "x": 30.85053191603684,
  },
  Object {
    "x": 38.83524421610096,
  },
  Object {
    "x": 46.38171205392548,
  },
  Object {
    "x": 53.346574480369156,
  },
  Object {
    "x": 59.66146523130329,
  },
  Object {
    "x": 65.30867180317823,
  },
  Object {
    "x": 70.30355736424129,
  },
  Object {
    "x": 74.68200657416291,
  },
  Object {
    "x": 78.49158337229619,
  },
  Object {
    "x": 81.78541406742545,
  },
  Object {
    "x": 84.61805634019797,
  },
  Object {
    "x": 87.04280232770594,
  },
  Object {
    "x": 89.11000586164683,
  },
  Object {
    "x": 90.8661309883985,
  },
  Object {
    "x": 92.35329941206051,
  },
  Object {
    "x": 93.60917483504707,
  },
  Object {
    "x": 94.66706719880813,
  },
  Object {
    "x": 95.55617327559861,
  },
  Object {
    "x": 96.30189477450246,
  },
  Object {
    "x": 96.92619326731115,
  },
  Object {
    "x": 97.4479544590839,
  },
  Object {
    "x": 97.88334387327176,
  },
  Object {
    "x": 98.2461428371077,
  },
  Object {
    "x": 98.54805845242963,
  },
  Object {
    "x": 98.7990045563195,
  },
  Object {
    "x": 99.0073529166361,
  },
  Object {
    "x": 99.18015536949562,
  },
  Object {
    "x": 99.3233385117055,
  },
  Object {
    "x": 99.4418730756026,
  },
  Object {
    "x": 99.53992035746593,
  },
  Object {
    "x": 99.62095813165256,
  },
  Object {
    "x": 99.68788842438258,
  },
  Object {
    "x": 99.74312938902625,
  },
  Object {
    "x": 99.78869335076726,
  },
  Object {
    "x": 99.8262528947063,
  },
  Object {
    "x": 99.85719667273446,
  },
  Object {
    "x": 99.8826764105673,
  },
  Object {
    "x": 100,
  },
]
`;

exports[`Controller can animate an array of numbers 1`] = `
Array [
  Object {
    "x": Array [
      1.0905393732314317,
      2.1810787464628634,
    ],
  },
  Object {
    "x": Array [
      1.3046211557997573,
      2.6092423115995147,
    ],
  },
  Object {
    "x": Array [
      1.589091818275103,
      3.178183636550206,
    ],
  },
  Object {
    "x": Array [
      1.9071733175125758,
      3.8143466350251516,
    ],
  },
  Object {
    "x": Array [
      2.2340212766414735,
      4.468042553282947,
    ],
  },
  Object {
    "x": Array [
      2.5534097686440376,
      5.106819537288075,
    ],
  },
  Object {
    "x": Array [
      2.8552684821570185,
      5.710536964314037,
    ],
  },
  Object {
    "x": Array [
      3.1338629792147654,
      6.267725958429531,
    ],
  },
  Object {
    "x": Array [
      3.3864586092521307,
      6.772917218504261,
    ],
  },
  Object {
    "x": Array [
      3.612346872127128,
      7.224693744254256,
    ],
  },
  Object {
    "x": Array [
      3.8121422945696497,
      7.624284589139299,
    ],
  },
  Object {
    "x": Array [
      3.987280262966515,
      7.97456052593303,
    ],
  },
  Object {
    "x": Array [
      4.139663334891849,
      8.279326669783698,
    ],
  },
  Object {
    "x": Array [
      4.271416562697019,
      8.542833125394038,
    ],
  },
  Object {
    "x": Array [
      4.3847222536079205,
      8.769444507215841,
    ],
  },
  Object {
    "x": Array [
      4.481712093108238,
      8.963424186216477,
    ],
  },
  Object {
    "x": Array [
      4.5644002344658725,
      9.128800468931745,
    ],
  },
  Object {
    "x": Array [
      4.634645239535937,
      9.269290479071874,
    ],
  },
  Object {
    "x": Array [
      4.694131976482419,
      9.388263952964838,
    ],
  },
  Object {
    "x": Array [
      4.7443669934018855,
      9.488733986803771,
    ],
  },
  Object {
    "x": Array [
      4.786682687952328,
      9.573365375904656,
    ],
  },
  Object {
    "x": Array [
      4.822246931023949,
      9.644493862047899,
    ],
  },
  Object {
    "x": Array [
      4.852075790980104,
      9.704151581960208,
    ],
  },
  Object {
    "x": Array [
      4.877047730692452,
      9.754095461384903,
    ],
  },
  Object {
    "x": Array [
      4.89791817836336,
      9.79583635672672,
    ],
  },
  Object {
    "x": Array [
      4.915333754930874,
      9.830667509861748,
    ],
  },
  Object {
    "x": Array [
      4.929845713484313,
      9.859691426968626,
    ],
  },
  Object {
    "x": Array [
      4.941922338097189,
      9.883844676194379,
    ],
  },
  Object {
    "x": Array [
      4.951960182252786,
      9.903920364505572,
    ],
  },
  Object {
    "x": Array [
      4.96029411666545,
      9.9205882333309,
    ],
  },
  Object {
    "x": Array [
      4.967206214779832,
      9.934412429559664,
    ],
  },
  Object {
    "x": Array [
      4.972933540468227,
      9.945867080936454,
    ],
  },
  Object {
    "x": Array [
      4.97767492302411,
      9.95534984604822,
    ],
  },
  Object {
    "x": Array [
      4.981596814298641,
      9.963193628597281,
    ],
  },
  Object {
    "x": Array [
      4.984838325266105,
      9.96967665053221,
    ],
  },
  Object {
    "x": Array [
      4.9875155369753035,
      9.975031073950607,
    ],
  },
  Object {
    "x": Array [
      4.989725175561048,
      9.979450351122097,
    ],
  },
  Object {
    "x": Array [
      4.991547734030691,
      9.983095468061382,
    ],
  },
  Object {
    "x": Array [
      4.993050115788252,
      9.986100231576504,
    ],
  },
  Object {
    "x": Array [
      4.994287866909378,
      9.988575733818756,
    ],
  },
  Object {
    "x": Array [
      4.995027593476066,
      9.990614112845385,
    ],
  },
  Object {
    "x": Array [
      4.995027593476066,
      9.992291713056268,
    ],
  },
  Object {
    "x": Array [
      4.995027593476066,
      9.99367173585381,
    ],
  },
  Object {
    "x": Array [
      4.995027593476066,
      9.994806458630702,
    ],
  },
  Object {
    "x": Array [
      5,
      10,
    ],
  },
]
`;

exports[`Controller the "loop" prop can be combined with the "reverse" prop 1`] = `
Array [
  0.33334,
  0.66668,
  1,
  0.66666,
  0.33331999999999995,
  0,
  0.33334,
  0.66668,
  1,
]
`;

exports[`Controller when the "to" prop is an async function acts strangely without the "from" prop 1`] = `
Array [
  Object {
    "x": 1.0226348433078583,
  },
  Object {
    "x": 1.0761552889499395,
  },
  Object {
    "x": 1.1472729545687759,
  },
  Object {
    "x": 1.226793329378144,
  },
  Object {
    "x": 1.3085053191603682,
  },
  Object {
    "x": 1.3883524421610094,
  },
  Object {
    "x": 1.4638171205392543,
  },
  Object {
    "x": 1.5334657448036912,
  },
  Object {
    "x": 1.5966146523130327,
  },
  Object {
    "x": 1.6530867180317823,
  },
  Object {
    "x": 1.7030355736424132,
  },
  Object {
    "x": 1.74682006574163,
  },
  Object {
    "x": 1.7849158337229636,
  },
  Object {
    "x": 1.817854140674256,
  },
  Object {
    "x": 1.8461805634019814,
  },
  Object {
    "x": 1.870428023277061,
  },
  Object {
    "x": 1.8911000586164695,
  },
  Object {
    "x": 1.9086613098839855,
  },
  Object {
    "x": 1.9235329941206056,
  },
  Object {
    "x": 1.9360917483504718,
  },
  Object {
    "x": 1.9466706719880824,
  },
  Object {
    "x": 1.9555617327559878,
  },
  Object {
    "x": 1.9630189477450264,
  },
  Object {
    "x": 1.9692619326731133,
  },
  Object {
    "x": 1.9744795445908405,
  },
  Object {
    "x": 1.9788334387327189,
  },
  Object {
    "x": 1.9824614283710786,
  },
  Object {
    "x": 1.9854805845242978,
  },
  Object {
    "x": 1.9879900455631967,
  },
  Object {
    "x": 1.9900735291663625,
  },
  Object {
    "x": 1.991801553694958,
  },
  Object {
    "x": 1.9932333851170567,
  },
  Object {
    "x": 1.9944187307560275,
  },
  Object {
    "x": 1.9953992035746602,
  },
  Object {
    "x": 1.9962095813165261,
  },
  Object {
    "x": 1.9968788842438259,
  },
  Object {
    "x": 1.997431293890262,
  },
  Object {
    "x": 1.9978869335076728,
  },
  Object {
    "x": 1.998262528947063,
  },
  Object {
    "x": 1.9985719667273445,
  },
  Object {
    "x": 1.9988267641056732,
  },
  Object {
    "x": 2,
  },
]
`;
